C51 COMPILER V9.57.0.0   MAIN                                                              11/15/2019 08:17:06 PAGE 1   


C51 COMPILER V9.57.0.0, COMPILATION OF MODULE MAIN
OBJECT MODULE PLACED IN .\Objects\main.obj
COMPILER INVOKED BY: E:\MDK\install\Core\C51\BIN\C51.EXE main.c OPTIMIZE(8,SPEED) BROWSE DEBUG OBJECTEXTEND PRINT(.\List
                    -ings\main.lst) TABS(2) OBJECT(.\Objects\main.obj)

line level    source

   1          #include <reg52.h>
   2          #include <intrins.h>
   3          #define uchar unsigned char
   4          #define uint unsigned int
   5          
   6          sbit DAT = P3^0;        // 74HC164 数据输入端口
   7          sbit CLK = P3^1;        // 74HC164 时钟输入端口
   8          sbit KEY = P3^2;        // 按键端口
   9          uint num = 0;           // 显示的数字
  10          
  11          // 定义数码管段选(不加小数点0~9)
  12          uchar code table1[]={0x81,0xD7,0xC8,0xC2,0x96,0xA2,0xA0,0xC7,0x80,0x82};
  13          
  14          /**********************************************************
  15          *  函数名称：低精度延时函数
  16          *  日期：2019-9-7
  17          *  姓名：ZhangHJ
  18          *  说明：嵌套循环延时
  19          ***********************************************************/
  20          void delay(unsigned int mstime)
  21          {
  22   1        int i,j;
  23   1        for(i=mstime; i>=0; i--)
  24   1          for(j=114; j>=0; j--);
  25   1      }
  26          
  27          
  28          /**********************************************************
  29          *  函数名称：精确延时50ms函数
  30          *  日期：2019-10-25
  31          *  姓名：ZhangHJ
  32          *  说明：由STC-ISP自动生成
  33          ***********************************************************/
  34          void Delay50ms()    //@11.0592MHz
  35          {
  36   1        unsigned char i, j, k;
  37   1      
  38   1        _nop_();
  39   1        _nop_();
  40   1        i = 3;
  41   1        j = 26;
  42   1        k = 223;
  43   1        do
  44   1        {
  45   2          do
  46   2          {
  47   3            while (--k);
  48   3          } while (--j);
  49   2        } while (--i);
  50   1      }
  51          
  52          
  53          
  54          
C51 COMPILER V9.57.0.0   MAIN                                                              11/15/2019 08:17:06 PAGE 2   

  55          
  56          /**********************************************************
  57          *  函数名称：74HC164发送Byte数据函数
  58          *  日期：2019-9-29
  59          *  姓名：ZhangHJ
  60          *  说明：74HC164移位寄存器输入一字节数据发给寄存器
  61          ***********************************************************/
  62          void SendByte_74HC164(uchar byte)
  63          {
  64   1        uchar num,c;
  65   1        num=table1[byte];
  66   1        for(c=0; c<8; c++)
  67   1        {
  68   2          DAT=num&0x01;   // P3^0 --> 0000 000x
  69   2          CLK=0;        // 制造一个上升沿
  70   2          CLK=1;
  71   2          num>>=1;      // 将数据发送到寄存器
  72   2        }
  73   1      }
  74          
  75          
  76          
  77          /**********************************************************
  78          *  函数名称：配置外部中断0
  79          *  日期：2019-10-22
  80          *  姓名：ZhangHJ
  81          *  说明：1. 选择为下降沿触发方式(为1代表下降沿触发，为0代表低电平触发)
  82          *    2. 使能外部中断0
  83          *      3. 使能总中断
  84          ***********************************************************/
  85          void configExtInt0()
  86          {
  87   1        IT0 = 1;  //选择为下降沿触发方式(为1代表下降沿触发，为0代表低电平触发)
  88   1        EX0 = 1;  //使能外部中断0
  89   1        EA = 1;   //使能总中断
  90   1      }
  91          
  92          
  93          /**********************************************************
  94          *  函数名称：外部中断0服务函数
  95          *  日期：2019-10-22
  96          *  姓名：ZhangHJ
  97          *  说明：中断服务函数功能为,使num在0~9之间循环变化
  98          ***********************************************************/
  99          void extInt0() interrupt 0
 100          {
 101   1        EA = 0;             // 关闭总中断
 102   1        Delay50ms();        // 延时防抖
 103   1        if(KEY == 0)
 104   1        {
 105   2          num ++;
 106   2          num = num % 10;
 107   2        }
 108   1        EA = 1;             // 开启总中断
 109   1      }
 110          
 111          
 112          // 主函数功能：当按下按键KEY时,触发外部中断0,改变数码管显示的数值(0~9)
 113          int main()
 114          {
 115   1        configExtInt0();      // 配置外部中断0
 116   1        P1 &= 0xf0;         // 位选全部选中
C51 COMPILER V9.57.0.0   MAIN                                                              11/15/2019 08:17:06 PAGE 3   

 117   1        while(1)
 118   1        {
 119   2          SendByte_74HC164(num);
 120   2          delay(600);
 121   2        }
 122   1        
 123   1      }


MODULE INFORMATION:   STATIC OVERLAYABLE
   CODE SIZE        =    166    ----
   CONSTANT SIZE    =     10    ----
   XDATA SIZE       =   ----    ----
   PDATA SIZE       =   ----    ----
   DATA SIZE        =      2    ----
   IDATA SIZE       =   ----    ----
   BIT SIZE         =   ----    ----
END OF MODULE INFORMATION.


C51 COMPILATION COMPLETE.  0 WARNING(S),  0 ERROR(S)
