BL51 BANKED LINKER/LOCATER V6.22.2.0                                                    10/11/2019  16:15:19  PAGE 1


BL51 BANKED LINKER/LOCATER V6.22.2.0, INVOKED BY:
E:\KEIL\INSTALL\C51\BIN\BL51.EXE .\Objects\main.obj TO .\Objects\TimerTest PRINT (.\Listings\TimerTest.m51) RAMSIZE (256
>> )


MEMORY MODEL: SMALL


INPUT MODULES INCLUDED:
  .\Objects\main.obj (MAIN)
  E:\KEIL\INSTALL\C51\LIB\C51S.LIB (?C_STARTUP)
  E:\KEIL\INSTALL\C51\LIB\C51S.LIB (?C?UIDIV)


LINK MAP OF MODULE:  .\Objects\TimerTest (MAIN)


            TYPE    BASE      LENGTH    RELOCATION   SEGMENT NAME
            -----------------------------------------------------

            * * * * * * *   D A T A   M E M O R Y   * * * * * * *
            REG     0000H     0008H     ABSOLUTE     "REG BANK 0"
            DATA    0008H     0007H     UNIT         _DATA_GROUP_
            IDATA   000FH     0001H     UNIT         ?STACK

            * * * * * * *   C O D E   M E M O R Y   * * * * * * *
            CODE    0000H     0003H     ABSOLUTE     
            CODE    0003H     007BH     UNIT         ?PR?_DISPLAY?MAIN
            CODE    007EH     0055H     UNIT         ?C?LIB_CODE
            CODE    00D3H     0030H     UNIT         ?PR?MAIN?MAIN
            CODE    0103H     0023H     UNIT         ?PR?_DELAY?MAIN
            CODE    0126H     001AH     UNIT         ?PR?GETCOUNT?MAIN
            CODE    0140H     0019H     UNIT         ?PR?_SENDBYTE_74HC164?MAIN
            CODE    0159H     0011H     UNIT         ?PR?DELAY_12US?MAIN
            CODE    016AH     000CH     UNIT         ?C_C51STARTUP
            CODE    0176H     000BH     UNIT         ?CO?MAIN



OVERLAY MAP OF MODULE:   .\Objects\TimerTest (MAIN)


SEGMENT                              DATA_GROUP 
  +--> CALLED SEGMENT              START    LENGTH
--------------------------------------------------
?C_C51STARTUP                      -----    -----
  +--> ?PR?MAIN?MAIN

?PR?MAIN?MAIN                      0008H    0004H
  +--> ?PR?_DELAY?MAIN
  +--> ?PR?GETCOUNT?MAIN
  +--> ?PR?_DISPLAY?MAIN

?PR?GETCOUNT?MAIN                  -----    -----
  +--> ?PR?DELAY_12US?MAIN

?PR?DELAY_12US?MAIN                000CH    0002H

BL51 BANKED LINKER/LOCATER V6.22.2.0                                                  10/11/2019  16:15:19  PAGE 2


?PR?_DISPLAY?MAIN                  000CH    0003H
  +--> ?PR?_SENDBYTE_74HC164?MAIN
  +--> ?PR?_DELAY?MAIN

?PR?_SENDBYTE_74HC164?MAIN         -----    -----
  +--> ?CO?MAIN



SYMBOL TABLE OF MODULE:  .\Objects\TimerTest (MAIN)

  VALUE           TYPE          NAME
  ----------------------------------

  -------         MODULE        MAIN
  C:0000H         SYMBOL        _ICE_DUMMY_
  D:0090H         PUBLIC        P1
  D:00B0H         PUBLIC        P3
  D:00A8H         PUBLIC        IE
  C:0107H         PUBLIC        _delay
  C:0140H         PUBLIC        _SendByte_74HC164
  D:00B8H         PUBLIC        IP
  C:00D3H         PUBLIC        main
  C:0126H         PUBLIC        GetCount
  D:0098H         PUBLIC        SCON
  D:0089H         PUBLIC        TMOD
  D:0088H         PUBLIC        TCON
  C:0176H         PUBLIC        table1
  C:0159H         PUBLIC        delay_12us
  D:008CH         PUBLIC        TH0
  D:008AH         PUBLIC        TL0
  B:0088H.4       PUBLIC        TR0
  B:00B0H.0       PUBLIC        DAT
  B:00B0H.1       PUBLIC        CLK
  D:00C8H         PUBLIC        T2CON
  C:0003H         PUBLIC        _display
  D:00D0H         PUBLIC        PSW
  -------         PROC          DELAY_12US
  -------         DO            
  D:000CH         SYMBOL        i
  -------         ENDDO         
  C:0159H         LINE#         22
  C:0159H         LINE#         23
  C:0159H         LINE#         25
  C:0169H         LINE#         26
  -------         ENDPROC       DELAY_12US
  C:0103H         SYMBOL        L?0027
  -------         PROC          L?0026
  -------         ENDPROC       L?0026
  C:0103H         SYMBOL        L?0027
  -------         PROC          _DELAY
  D:0006H         SYMBOL        mstime
  -------         DO            
  D:0006H         SYMBOL        i
  D:0004H         SYMBOL        j
  -------         ENDDO         
  C:0107H         LINE#         36
BL51 BANKED LINKER/LOCATER V6.22.2.0                                                  10/11/2019  16:15:19  PAGE 3


  C:0107H         LINE#         37
  C:0107H         LINE#         39
  C:010FH         LINE#         40
  C:0125H         LINE#         41
  -------         ENDPROC       _DELAY
  -------         PROC          _SENDBYTE_74HC164
  D:0007H         SYMBOL        byte
  -------         DO            
  D:0007H         SYMBOL        num
  D:0006H         SYMBOL        c
  -------         ENDDO         
  C:0140H         LINE#         51
  C:0140H         LINE#         52
  C:0140H         LINE#         54
  C:0146H         LINE#         55
  C:0148H         LINE#         56
  C:0148H         LINE#         57
  C:014CH         LINE#         58
  C:014EH         LINE#         59
  C:0150H         LINE#         60
  C:0154H         LINE#         61
  C:0158H         LINE#         62
  -------         ENDPROC       _SENDBYTE_74HC164
  -------         PROC          _DISPLAY
  D:0002H         SYMBOL        dist
  -------         DO            
  D:000CH         SYMBOL        A0
  D:0007H         SYMBOL        A1t
  D:000DH         SYMBOL        A1
  D:0007H         SYMBOL        A2t
  D:000EH         SYMBOL        A2
  D:0003H         SYMBOL        A3
  -------         ENDDO         
  C:0003H         LINE#         73
  C:0007H         LINE#         74
  C:0007H         LINE#         76
  C:0010H         LINE#         77
  C:001BH         LINE#         78
  C:0023H         LINE#         79
  C:002EH         LINE#         80
  C:0035H         LINE#         81
  C:0042H         LINE#         84
  C:0045H         LINE#         85
  C:004AH         LINE#         86
  C:004DH         LINE#         87
  C:0050H         LINE#         88
  C:0053H         LINE#         90
  C:0058H         LINE#         91
  C:005BH         LINE#         92
  C:005EH         LINE#         93
  C:0061H         LINE#         95
  C:0066H         LINE#         96
  C:0069H         LINE#         97
  C:006CH         LINE#         98
  C:006FH         LINE#         100
  C:0074H         LINE#         101
  C:0077H         LINE#         102
BL51 BANKED LINKER/LOCATER V6.22.2.0                                                  10/11/2019  16:15:19  PAGE 4


  C:007AH         LINE#         103
  C:007DH         LINE#         104
  -------         ENDPROC       _DISPLAY
  -------         PROC          GETCOUNT
  -------         DO            
  D:0006H         SYMBOL        count
  -------         ENDDO         
  C:0126H         LINE#         117
  C:0126H         LINE#         118
  C:0126H         LINE#         119
  C:0129H         LINE#         121
  C:012CH         LINE#         122
  C:0130H         LINE#         124
  C:0132H         LINE#         125
  C:0135H         LINE#         126
  C:0137H         LINE#         127
  C:013FH         LINE#         128
  C:013FH         LINE#         129
  -------         ENDPROC       GETCOUNT
  -------         PROC          MAIN
  -------         DO            
  D:0008H         SYMBOL        dis
  D:000AH         SYMBOL        i
  -------         ENDDO         
  C:00D3H         LINE#         134
  C:00D3H         LINE#         135
  C:00D3H         LINE#         138
  C:00DAH         LINE#         140
  C:00DAH         LINE#         141
  C:00DAH         LINE#         142
  C:00E1H         LINE#         143
  C:00E7H         LINE#         144
  C:00E7H         LINE#         145
  C:00EEH         LINE#         146
  -------         ENDPROC       MAIN
  -------         ENDMOD        MAIN

  -------         MODULE        ?C?UIDIV
  C:007EH         PUBLIC        ?C?UIDIV
  -------         ENDMOD        ?C?UIDIV

Program Size: data=16.0 xdata=0 code=385
LINK/LOCATE RUN COMPLETE.  0 WARNING(S),  0 ERROR(S)
