C51 COMPILER V9.57.0.0   MAIN                                                              11/21/2019 16:52:04 PAGE 1   


C51 COMPILER V9.57.0.0, COMPILATION OF MODULE MAIN
OBJECT MODULE PLACED IN .\Objects\main.obj
COMPILER INVOKED BY: E:\MDK\install\Core\C51\BIN\C51.EXE main.c OPTIMIZE(8,SPEED) BROWSE DEBUG OBJECTEXTEND PRINT(.\List
                    -ings\main.lst) OBJECT(.\Objects\main.obj)

line level    source

   1          #include <reg52.h>
   2          #include <string.h>
   3          #define uchar unsigned char
   4          #define uint unsigned int
   5          
   6          /**********************************************************
   7          *  函数名称：配置串口1
   8          *  日期：2019-11-21
   9          *  姓名：ZhangHJ
  10          *  说明：1. 设置定时器12分频
  11          *                2. 配置定时器T1方式2(8位自动重装)
  12          *                3. 定时器装初值,设置波特率
  13          *                4. 设置波特率倍增位,波特率不加倍
  14          *                5. 设置串行口控制寄存器,8位数据,允许串行接收
  15          *                6. 开启总中断和串口中断
  16          *                7. 定时器T1运行
  17          ***********************************************************/
  18          void UartConfig()
  19          {
  20   1              AUXR &= 0xBF;   // 定时器T1分频12T
  21   1              TMOD = 0x20;    // 定时器1方式2(8位自动重装)
  22   1              TH1 = 0xFD;             // 定时器重装值
  23   1              TL1 = 0xFD;             // 定时器初值
  24   1              PCON = 0x00;    // 波特率不加倍 0x80加倍(SMOD=1)
  25   1              SCON = 0x50;    // 波特率控制寄存器,8位UART,REN=1
  26   1              EA = 1;                 // 打开总中断
  27   1              ES = 1;                 // 打开串行口中断
  28   1              TR1 = 1;                // 定时器T1运行
  29   1      }
  30          
  31          
  32          
  33          /**********************************************************
  34          *  函数名称：串口1中断服务函数
  35          *  日期：2019-11-21
  36          *  姓名：ZhangHJ
  37          *  说明：1. 接收数据
  38          *                2. 清除接收标志位
  39          *                3. 发送接收到的数据
  40          *                4. 等待发送完成
  41          *                5. 清除发送标志位
  42          ***********************************************************/
  43          void UartService() interrupt 4
  44          {
  45   1              uchar temp;
  46   1              temp = SBUF;    // 接收数据
  47   1              RI = 0;                 // 清除接收中断标志位
  48   1              SBUF = temp;    // 发送数据
  49   1      //      SBUF = 'A';             // 查看发送次数,验证串行发送
  50   1              while(!TI);             // 等待发送完成
  51   1              TI = 0;                 // 清除发送中断标志位
  52   1      }
  53          
  54          
C51 COMPILER V9.57.0.0   MAIN                                                              11/21/2019 16:52:04 PAGE 2   

  55          
  56          // 主函数功能：接收串口发送的数据,并将接收到的数据发送出去
  57          // 注意：STC-ISP需要选择使用外部时钟
  58          void main()
  59          {
  60   1              UartConfig();   // 配置串口
  61   1              while(1);
  62   1      }


MODULE INFORMATION:   STATIC OVERLAYABLE
   CODE SIZE        =     53    ----
   CONSTANT SIZE    =   ----    ----
   XDATA SIZE       =   ----    ----
   PDATA SIZE       =   ----    ----
   DATA SIZE        =   ----    ----
   IDATA SIZE       =   ----    ----
   BIT SIZE         =   ----    ----
END OF MODULE INFORMATION.


C51 COMPILATION COMPLETE.  0 WARNING(S),  0 ERROR(S)
